2025-12-11 13:58:45,555 - googleapiclient.discovery_cache - INFO - file_cache is only supported with oauth2client<4.0.0
2025-12-11 13:58:46,043 - __main__ - INFO - Starting bot...
2025-12-11 13:58:46,043 - aiogram.dispatcher - INFO - Start polling
2025-12-11 13:58:46,465 - aiogram.dispatcher - INFO - Run polling for bot @check_in_o_bot id=8198472822 - 'Check In Out Bot'
2025-12-11 14:00:30,331 - __main__ - INFO - Received photo from Герман Коркин (7042383572)
2025-12-11 14:00:32,580 - sheets_manager - INFO - Found existing sheet: Timesheet_December_2025 (1uqJk4D-9jYMjyP9SsFptsinf3g9dK4_te46yCku_Aug)
2025-12-11 14:00:35,904 - sheets_manager - INFO - Logged entry for Герман Коркин at 14:00
2025-12-11 14:00:36,313 - aiogram.event - INFO - Update id=454125713 is handled. Duration 5984 ms by bot id=8198472822
2025-12-11 14:01:43,677 - __main__ - INFO - Received photo from Герман Коркин (7042383572)
2025-12-11 14:01:45,864 - sheets_manager - INFO - Logged entry for Герман Коркин at 14:01
2025-12-11 14:01:46,265 - aiogram.event - INFO - Update id=454125714 is handled. Duration 2577 ms by bot id=8198472822
2025-12-11 14:04:35,720 - googleapiclient.discovery_cache - INFO - file_cache is only supported with oauth2client<4.0.0
2025-12-11 14:04:36,202 - __main__ - INFO - Starting bot...
2025-12-11 14:04:36,202 - aiogram.dispatcher - INFO - Start polling
2025-12-11 14:04:36,806 - aiogram.dispatcher - INFO - Run polling for bot @check_in_o_bot id=8198472822 - 'Check In Out Bot'
2025-12-11 14:05:03,086 - __main__ - INFO - Received photo from Герман Коркин (7042383572)
2025-12-11 14:05:05,563 - sheets_manager - INFO - Found existing sheet: Timesheet_December_2025 (1uqJk4D-9jYMjyP9SsFptsinf3g9dK4_te46yCku_Aug)
2025-12-11 14:05:08,463 - sheets_manager - INFO - Logged entry for Герман Коркин at 14:05
2025-12-11 14:05:08,900 - aiogram.event - INFO - Update id=454125715 is handled. Duration 5813 ms by bot id=8198472822
2025-12-11 14:13:30,600 - aiogram.dispatcher - ERROR - Failed to fetch updates - TelegramNetworkError: HTTP Client says - ServerDisconnectedError: Server disconnected
2025-12-11 14:13:30,601 - aiogram.dispatcher - WARNING - Sleep for 1.000000 seconds and try again... (tryings = 0, bot id = 8198472822)
2025-12-11 14:13:43,261 - aiogram.dispatcher - INFO - Connection established (tryings = 1, bot id = 8198472822)
2025-12-11 14:28:03,194 - __main__ - INFO - Received photo from Герман Коркин (7042383572)
2025-12-11 14:28:05,986 - sheets_manager - INFO - Logged entry for Герман Коркин at 14:28
2025-12-11 14:28:06,373 - aiogram.event - INFO - Update id=454125716 is handled. Duration 3172 ms by bot id=8198472822
2025-12-11 14:34:02,616 - aiogram.dispatcher - ERROR - Failed to fetch updates - TelegramNetworkError: HTTP Client says - ServerDisconnectedError: Server disconnected
2025-12-11 14:34:02,617 - aiogram.dispatcher - WARNING - Sleep for 1.000000 seconds and try again... (tryings = 0, bot id = 8198472822)
2025-12-11 14:34:14,029 - aiogram.dispatcher - INFO - Connection established (tryings = 1, bot id = 8198472822)
2025-12-11 14:41:06,134 - aiogram.event - INFO - Update id=454125717 is not handled. Duration 0 ms by bot id=8198472822
2025-12-11 14:41:48,722 - __main__ - INFO - Received photo from Герман Коркин (7042383572)
2025-12-11 14:41:52,097 - sheets_manager - INFO - Logged entry for Герман Коркин at 14:41
2025-12-11 14:41:52,560 - aiogram.event - INFO - Update id=454125718 is handled. Duration 3844 ms by bot id=8198472822
2025-12-11 15:13:33,355 - aiogram.dispatcher - ERROR - Failed to fetch updates - TelegramNetworkError: HTTP Client says - ServerDisconnectedError: Server disconnected
2025-12-11 15:13:33,356 - aiogram.dispatcher - WARNING - Sleep for 1.000000 seconds and try again... (tryings = 0, bot id = 8198472822)
2025-12-11 15:13:45,352 - aiogram.dispatcher - INFO - Connection established (tryings = 1, bot id = 8198472822)
2025-12-11 15:22:14,507 - aiogram.dispatcher - ERROR - Failed to fetch updates - TelegramNetworkError: HTTP Client says - ServerDisconnectedError: Server disconnected
2025-12-11 15:22:14,508 - aiogram.dispatcher - WARNING - Sleep for 1.000000 seconds and try again... (tryings = 0, bot id = 8198472822)
2025-12-11 15:22:26,174 - aiogram.dispatcher - INFO - Connection established (tryings = 1, bot id = 8198472822)
2025-12-11 15:39:50,067 - googleapiclient.discovery_cache - INFO - file_cache is only supported with oauth2client<4.0.0
2025-12-11 15:39:50,082 - __main__ - INFO - Loading authorized users from Google Sheet...
2025-12-11 15:39:52,675 - sheets_manager - ERROR - Failed to load users from template: Config_Users
2025-12-11 15:39:52,675 - __main__ - CRITICAL - Initialization Failed: Config_Users
2025-12-11 15:39:53,127 - __main__ - INFO - Starting bot...
2025-12-11 15:39:53,127 - __main__ - INFO - Admins: [7042383572]
2025-12-11 15:39:53,127 - aiogram.dispatcher - INFO - Start polling
2025-12-11 15:39:58,647 - aiogram.dispatcher - INFO - Run polling for bot @check_in_o_bot id=8198472822 - 'Check In Out Bot'
2025-12-11 16:02:50,414 - aiogram.dispatcher - ERROR - Failed to fetch updates - TelegramNetworkError: HTTP Client says - ServerDisconnectedError: Server disconnected
2025-12-11 16:02:50,416 - aiogram.dispatcher - WARNING - Sleep for 1.000000 seconds and try again... (tryings = 0, bot id = 8198472822)
2025-12-11 16:03:02,232 - aiogram.dispatcher - INFO - Connection established (tryings = 1, bot id = 8198472822)
2025-12-11 16:12:20,994 - aiogram.dispatcher - ERROR - Failed to fetch updates - TelegramNetworkError: HTTP Client says - ClientOSError: [WinError 1236] Подключение к сети было разорвано локальной системой
2025-12-11 16:12:20,994 - aiogram.dispatcher - WARNING - Sleep for 1.000000 seconds and try again... (tryings = 0, bot id = 8198472822)
2025-12-11 16:12:32,151 - aiogram.dispatcher - INFO - Connection established (tryings = 1, bot id = 8198472822)
2025-12-11 16:39:02,200 - aiogram.dispatcher - ERROR - Failed to fetch updates - TelegramNetworkError: HTTP Client says - ServerDisconnectedError: Server disconnected
2025-12-11 16:39:02,200 - aiogram.dispatcher - WARNING - Sleep for 1.000000 seconds and try again... (tryings = 0, bot id = 8198472822)
2025-12-11 16:39:13,872 - aiogram.dispatcher - INFO - Connection established (tryings = 1, bot id = 8198472822)
2025-12-11 16:53:05,534 - aiogram.dispatcher - ERROR - Failed to fetch updates - TelegramNetworkError: HTTP Client says - ServerDisconnectedError: Server disconnected
2025-12-11 16:53:05,534 - aiogram.dispatcher - WARNING - Sleep for 1.000000 seconds and try again... (tryings = 0, bot id = 8198472822)
2025-12-11 16:53:27,545 - aiogram.dispatcher - INFO - Connection established (tryings = 1, bot id = 8198472822)
2025-12-11 16:54:25,376 - aiogram.dispatcher - ERROR - Failed to fetch updates - TelegramNetworkError: HTTP Client says - ServerDisconnectedError: Server disconnected
2025-12-11 16:54:25,376 - aiogram.dispatcher - WARNING - Sleep for 1.000000 seconds and try again... (tryings = 0, bot id = 8198472822)
2025-12-11 16:54:37,853 - aiogram.dispatcher - INFO - Connection established (tryings = 1, bot id = 8198472822)
2025-12-11 17:03:54,339 - aiogram.dispatcher - ERROR - Failed to fetch updates - TelegramNetworkError: HTTP Client says - ServerDisconnectedError: Server disconnected
2025-12-11 17:03:54,340 - aiogram.dispatcher - WARNING - Sleep for 1.000000 seconds and try again... (tryings = 0, bot id = 8198472822)
2025-12-11 17:04:05,888 - aiogram.dispatcher - INFO - Connection established (tryings = 1, bot id = 8198472822)
2025-12-11 18:15:20,880 - aiogram.dispatcher - ERROR - Failed to fetch updates - TelegramNetworkError: HTTP Client says - Request timeout error
2025-12-11 18:15:20,880 - aiogram.dispatcher - WARNING - Sleep for 1.000000 seconds and try again... (tryings = 0, bot id = 8198472822)
2025-12-11 18:15:32,791 - aiogram.dispatcher - INFO - Connection established (tryings = 1, bot id = 8198472822)
2025-12-11 18:16:03,044 - aiogram.dispatcher - ERROR - Failed to fetch updates - TelegramNetworkError: HTTP Client says - ServerDisconnectedError: Server disconnected
2025-12-11 18:16:03,045 - aiogram.dispatcher - WARNING - Sleep for 1.000000 seconds and try again... (tryings = 0, bot id = 8198472822)
2025-12-11 18:16:15,310 - aiogram.dispatcher - INFO - Connection established (tryings = 1, bot id = 8198472822)
2025-12-11 18:19:39,735 - aiogram.dispatcher - ERROR - Failed to fetch updates - TelegramNetworkError: HTTP Client says - ServerDisconnectedError: Server disconnected
2025-12-11 18:19:39,735 - aiogram.dispatcher - WARNING - Sleep for 1.000000 seconds and try again... (tryings = 0, bot id = 8198472822)
2025-12-11 18:19:53,345 - aiogram.dispatcher - INFO - Connection established (tryings = 1, bot id = 8198472822)
2025-12-11 18:25:51,086 - aiogram.dispatcher - ERROR - Failed to fetch updates - TelegramNetworkError: HTTP Client says - ServerDisconnectedError: Server disconnected
2025-12-11 18:25:51,086 - aiogram.dispatcher - WARNING - Sleep for 1.000000 seconds and try again... (tryings = 0, bot id = 8198472822)
2025-12-11 18:26:05,909 - aiogram.dispatcher - INFO - Connection established (tryings = 1, bot id = 8198472822)
2025-12-11 18:26:39,688 - aiogram.dispatcher - ERROR - Failed to fetch updates - TelegramNetworkError: HTTP Client says - ServerDisconnectedError: Server disconnected
2025-12-11 18:26:39,688 - aiogram.dispatcher - WARNING - Sleep for 1.000000 seconds and try again... (tryings = 0, bot id = 8198472822)
2025-12-11 18:26:52,721 - aiogram.dispatcher - INFO - Connection established (tryings = 1, bot id = 8198472822)
2025-12-11 18:27:47,503 - aiogram.dispatcher - ERROR - Failed to fetch updates - TelegramNetworkError: HTTP Client says - ServerDisconnectedError: Server disconnected
2025-12-11 18:27:47,504 - aiogram.dispatcher - WARNING - Sleep for 1.000000 seconds and try again... (tryings = 0, bot id = 8198472822)
2025-12-11 18:27:59,036 - aiogram.dispatcher - ERROR - Failed to fetch updates - TelegramNetworkError: HTTP Client says - ServerDisconnectedError: Server disconnected
2025-12-11 18:27:59,036 - aiogram.dispatcher - WARNING - Sleep for 1.434889 seconds and try again... (tryings = 1, bot id = 8198472822)
2025-12-11 18:28:05,791 - aiogram.dispatcher - ERROR - Failed to fetch updates - TelegramNetworkError: HTTP Client says - ServerDisconnectedError: Server disconnected
2025-12-11 18:28:05,791 - aiogram.dispatcher - WARNING - Sleep for 1.814250 seconds and try again... (tryings = 2, bot id = 8198472822)
2025-12-11 18:28:19,173 - aiogram.dispatcher - INFO - Connection established (tryings = 3, bot id = 8198472822)
2025-12-11 18:33:29,059 - aiogram.dispatcher - ERROR - Failed to fetch updates - TelegramNetworkError: HTTP Client says - ServerDisconnectedError: Server disconnected
2025-12-11 18:33:29,059 - aiogram.dispatcher - WARNING - Sleep for 1.000000 seconds and try again... (tryings = 0, bot id = 8198472822)
2025-12-11 18:33:42,570 - aiogram.dispatcher - INFO - Connection established (tryings = 1, bot id = 8198472822)
2025-12-11 18:33:48,340 - aiogram.dispatcher - ERROR - Failed to fetch updates - TelegramNetworkError: HTTP Client says - ServerDisconnectedError: Server disconnected
2025-12-11 18:33:48,359 - aiogram.dispatcher - WARNING - Sleep for 1.000000 seconds and try again... (tryings = 0, bot id = 8198472822)
2025-12-11 18:33:58,452 - aiogram.dispatcher - ERROR - Failed to fetch updates - TelegramNetworkError: HTTP Client says - ServerDisconnectedError: Server disconnected
2025-12-11 18:33:58,452 - aiogram.dispatcher - WARNING - Sleep for 1.382434 seconds and try again... (tryings = 1, bot id = 8198472822)
2025-12-11 18:34:13,109 - aiogram.dispatcher - INFO - Connection established (tryings = 2, bot id = 8198472822)
2025-12-11 18:37:27,181 - aiogram.dispatcher - ERROR - Failed to fetch updates - TelegramNetworkError: HTTP Client says - ServerDisconnectedError: Server disconnected
2025-12-11 18:37:27,181 - aiogram.dispatcher - WARNING - Sleep for 1.000000 seconds and try again... (tryings = 0, bot id = 8198472822)
2025-12-11 18:37:39,552 - aiogram.dispatcher - INFO - Connection established (tryings = 1, bot id = 8198472822)
2025-12-11 18:38:25,196 - aiogram.dispatcher - ERROR - Failed to fetch updates - TelegramNetworkError: HTTP Client says - ClientOSError: [WinError 1236] Подключение к сети было разорвано локальной системой
2025-12-11 18:38:25,196 - aiogram.dispatcher - WARNING - Sleep for 1.000000 seconds and try again... (tryings = 0, bot id = 8198472822)
2025-12-11 18:38:36,337 - aiogram.dispatcher - INFO - Connection established (tryings = 1, bot id = 8198472822)
2025-12-12 13:36:35,777 - googleapiclient.discovery_cache - INFO - file_cache is only supported with oauth2client<4.0.0
2025-12-12 13:36:35,796 - __main__ - INFO - Loading authorized users from Google Sheet...
2025-12-12 13:36:40,668 - sheets_manager - INFO - Loaded 5 users from Master Template.
2025-12-12 13:36:40,668 - __main__ - INFO - Loaded 5 users.
2025-12-12 13:36:41,141 - __main__ - INFO - Starting bot...
2025-12-12 13:36:41,142 - __main__ - INFO - Admins: [7042383572]
2025-12-12 13:36:41,142 - aiogram.dispatcher - INFO - Start polling
2025-12-12 13:36:41,304 - aiogram.dispatcher - INFO - Run polling for bot @check_in_o_bot id=8198472822 - 'Check In Out Bot'
2025-12-12 13:39:34,480 - __main__ - WARNING - Unauthorized access attempt: @de_riio
2025-12-12 13:39:34,480 - aiogram.event - INFO - Update id=454125719 is handled. Duration 202 ms by bot id=8198472822
2025-12-12 13:44:35,651 - sheets_manager - INFO - Loaded 5 users from Master Template.
2025-12-12 13:44:40,002 - aiogram.event - INFO - Update id=454125720 is handled. Duration 7735 ms by bot id=8198472822
2025-12-12 13:44:49,547 - __main__ - INFO - Received photo from Герман Коркин (@de_riio)
2025-12-12 13:44:49,901 - sheets_manager - INFO - Sheet Timesheet_December_2025 not found. Creating from template...
2025-12-12 13:44:51,832 - googleapiclient.http - WARNING - Encountered 403 Forbidden with reason "storageQuotaExceeded"
2025-12-12 13:44:51,833 - sheets_manager - ERROR - An error occurred with Google Drive API: <HttpError 403 when requesting https://www.googleapis.com/drive/v3/files/1oF8IOwDlLtQ2oW_mqcxV39CIbskMRPF-E8HXX2I9jtE/copy?fields=id&alt=json returned "The user's Drive storage quota has been exceeded.". Details: "[{'message': "The user's Drive storage quota has been exceeded.", 'domain': 'usageLimits', 'reason': 'storageQuotaExceeded'}]">
2025-12-12 13:44:51,833 - sheets_manager - ERROR - Failed to append log: <HttpError 403 when requesting https://www.googleapis.com/drive/v3/files/1oF8IOwDlLtQ2oW_mqcxV39CIbskMRPF-E8HXX2I9jtE/copy?fields=id&alt=json returned "The user's Drive storage quota has been exceeded.". Details: "[{'message': "The user's Drive storage quota has been exceeded.", 'domain': 'usageLimits', 'reason': 'storageQuotaExceeded'}]">
2025-12-12 13:44:51,833 - __main__ - ERROR - Error processing photo: <HttpError 403 when requesting https://www.googleapis.com/drive/v3/files/1oF8IOwDlLtQ2oW_mqcxV39CIbskMRPF-E8HXX2I9jtE/copy?fields=id&alt=json returned "The user's Drive storage quota has been exceeded.". Details: "[{'message': "The user's Drive storage quota has been exceeded.", 'domain': 'usageLimits', 'reason': 'storageQuotaExceeded'}]">
2025-12-12 13:44:51,909 - aiogram.event - INFO - Update id=454125721 is handled. Duration 2360 ms by bot id=8198472822
2025-12-12 13:45:32,017 - __main__ - INFO - Received photo from Герман Коркин (@de_riio)
2025-12-12 13:45:32,381 - sheets_manager - INFO - Found existing sheet: Timesheet_December_2025 (1nHe0nF3c2BRwpMvNg5z-RKCHfFC_MklZNFzpq3Baw6k)
2025-12-12 13:45:34,997 - sheets_manager - INFO - Logged entry for Герман Коркин at 13:45
2025-12-12 13:45:35,230 - aiogram.event - INFO - Update id=454125722 is handled. Duration 3219 ms by bot id=8198472822
2025-12-12 13:47:23,709 - sheets_manager - INFO - Loaded 5 users from Master Template.
2025-12-12 13:47:26,300 - aiogram.event - INFO - Update id=454125723 is handled. Duration 5155 ms by bot id=8198472822
2025-12-12 15:29:16,834 - __main__ - INFO - Received photo from Герман Коркин (@de_riio)
2025-12-12 15:29:18,001 - sheets_manager - INFO - Found existing sheet: Timesheet_December_2025 (1nHe0nF3c2BRwpMvNg5z-RKCHfFC_MklZNFzpq3Baw6k)
2025-12-12 15:29:20,717 - sheets_manager - INFO - Logged entry for Герман Коркин at 15:29
2025-12-12 15:29:20,986 - aiogram.event - INFO - Update id=454125724 is handled. Duration 4156 ms by bot id=8198472822
2025-12-12 16:12:04,139 - googleapiclient.discovery_cache - INFO - file_cache is only supported with oauth2client<4.0.0
2025-12-12 16:12:04,157 - __main__ - INFO - Loading authorized users from Google Sheet...
2025-12-12 16:12:07,175 - sheets_manager - INFO - Loaded 5 users from Master Template.
2025-12-12 16:12:07,175 - __main__ - INFO - Loaded 5 users.
2025-12-12 16:12:07,623 - __main__ - INFO - Starting bot...
2025-12-12 16:12:07,623 - __main__ - INFO - Admins: [7042383572]
2025-12-12 16:12:07,624 - aiogram.dispatcher - INFO - Start polling
2025-12-12 16:12:07,770 - aiogram.dispatcher - INFO - Run polling for bot @check_in_o_bot id=8198472822 - 'Check In Out Bot'
2025-12-12 16:12:47,309 - __main__ - INFO - Received photo from Герман Коркин (@de_riio)
2025-12-12 16:12:52,070 - sheets_manager - INFO - Found existing sheet: Timesheet_December_2025 (1nHe0nF3c2BRwpMvNg5z-RKCHfFC_MklZNFzpq3Baw6k)
2025-12-12 16:12:55,880 - sheets_manager - INFO - Logged entry for Герман Коркин at 16:12
2025-12-12 16:12:56,158 - aiogram.event - INFO - Update id=454125725 is handled. Duration 8860 ms by bot id=8198472822
2025-12-12 16:17:07,915 - __main__ - INFO - Received photo from Герман Коркин (@de_riio)
2025-12-12 16:17:11,312 - sheets_manager - INFO - Logged entry for Герман Коркин at 16:17
2025-12-12 16:17:11,486 - aiogram.event - INFO - Update id=454125726 is handled. Duration 3577 ms by bot id=8198472822
2025-12-12 16:18:31,030 - __main__ - INFO - DEBUG: Using Drive Folder ID: 1Mx-y5jm9fuMgAE0AoWtWuCAF9YsRXn6k
2025-12-12 16:18:31,052 - googleapiclient.discovery_cache - INFO - file_cache is only supported with oauth2client<4.0.0
2025-12-12 16:18:31,056 - __main__ - INFO - Loading authorized users from Google Sheet...
2025-12-12 16:18:35,268 - sheets_manager - INFO - Loaded 5 users from Master Template.
2025-12-12 16:18:35,268 - __main__ - INFO - Loaded 5 users.
2025-12-12 16:18:35,898 - __main__ - INFO - Starting bot...
2025-12-12 16:18:35,898 - __main__ - INFO - Admins: [7042383572]
2025-12-12 16:18:35,898 - aiogram.dispatcher - INFO - Start polling
2025-12-12 16:18:36,052 - aiogram.dispatcher - INFO - Run polling for bot @check_in_o_bot id=8198472822 - 'Check In Out Bot'
2025-12-12 16:19:22,127 - __main__ - INFO - Received photo from Герман Коркин (@de_riio)
2025-12-12 16:19:23,411 - sheets_manager - INFO - Sheet Timesheet_December_2025 not found. Creating from template...
2025-12-12 16:19:25,909 - googleapiclient.http - WARNING - Encountered 403 Forbidden with reason "storageQuotaExceeded"
2025-12-12 16:19:25,909 - sheets_manager - ERROR - An error occurred with Google Drive API: <HttpError 403 when requesting https://www.googleapis.com/drive/v3/files/1sWr6GB5gprGVeUW2rGJLfwpaJWMlFzQrQWKL-dX2PVw/copy?fields=id&alt=json returned "The user's Drive storage quota has been exceeded.". Details: "[{'message': "The user's Drive storage quota has been exceeded.", 'domain': 'usageLimits', 'reason': 'storageQuotaExceeded'}]">
2025-12-12 16:19:25,910 - sheets_manager - ERROR - Failed to append log: <HttpError 403 when requesting https://www.googleapis.com/drive/v3/files/1sWr6GB5gprGVeUW2rGJLfwpaJWMlFzQrQWKL-dX2PVw/copy?fields=id&alt=json returned "The user's Drive storage quota has been exceeded.". Details: "[{'message': "The user's Drive storage quota has been exceeded.", 'domain': 'usageLimits', 'reason': 'storageQuotaExceeded'}]">
2025-12-12 16:19:25,910 - __main__ - ERROR - Error processing photo: <HttpError 403 when requesting https://www.googleapis.com/drive/v3/files/1sWr6GB5gprGVeUW2rGJLfwpaJWMlFzQrQWKL-dX2PVw/copy?fields=id&alt=json returned "The user's Drive storage quota has been exceeded.". Details: "[{'message': "The user's Drive storage quota has been exceeded.", 'domain': 'usageLimits', 'reason': 'storageQuotaExceeded'}]">
2025-12-12 16:19:26,117 - aiogram.event - INFO - Update id=454125727 is handled. Duration 3984 ms by bot id=8198472822
2025-12-12 16:22:23,633 - __main__ - INFO - Received photo from Герман Коркин (@de_riio)
2025-12-12 16:22:24,190 - sheets_manager - INFO - Found existing sheet: Timesheet_December_2025 (1-0vGSpHVtSQhGVSOaqX6OpRUGnV8HjWGuOkqHGAhbxU)
2025-12-12 16:22:26,648 - sheets_manager - INFO - Logged entry for Герман Коркин at 16:22
2025-12-12 16:22:26,858 - aiogram.event - INFO - Update id=454125728 is handled. Duration 3234 ms by bot id=8198472822
2025-12-12 16:22:41,227 - __main__ - INFO - DEBUG: Using Drive Folder ID: 1Mx-y5jm9fuMgAE0AoWtWuCAF9YsRXn6k
2025-12-12 16:22:41,236 - googleapiclient.discovery_cache - INFO - file_cache is only supported with oauth2client<4.0.0
2025-12-12 16:22:41,240 - __main__ - INFO - Loading authorized users from Google Sheet...
2025-12-12 16:22:44,891 - sheets_manager - INFO - Loaded 5 users from Master Template.
2025-12-12 16:22:44,891 - __main__ - INFO - Loaded 5 users.
2025-12-12 16:22:45,532 - __main__ - INFO - Starting bot...
2025-12-12 16:22:45,532 - __main__ - INFO - Admins: [7042383572]
2025-12-12 16:22:45,532 - aiogram.dispatcher - INFO - Start polling
2025-12-12 16:22:46,106 - aiogram.dispatcher - INFO - Run polling for bot @check_in_o_bot id=8198472822 - 'Check In Out Bot'
2025-12-12 16:22:46,539 - aiogram.dispatcher - ERROR - Failed to fetch updates - TelegramConflictError: Telegram server says - Conflict: terminated by other getUpdates request; make sure that only one bot instance is running
2025-12-12 16:22:46,541 - aiogram.dispatcher - WARNING - Sleep for 1.000000 seconds and try again... (tryings = 0, bot id = 8198472822)
2025-12-12 16:22:50,617 - aiogram.dispatcher - ERROR - Failed to fetch updates - TelegramConflictError: Telegram server says - Conflict: terminated by other getUpdates request; make sure that only one bot instance is running
2025-12-12 16:22:50,617 - aiogram.dispatcher - WARNING - Sleep for 1.000000 seconds and try again... (tryings = 0, bot id = 8198472822)
2025-12-12 16:22:51,679 - aiogram.dispatcher - ERROR - Failed to fetch updates - TelegramConflictError: Telegram server says - Conflict: terminated by other getUpdates request; make sure that only one bot instance is running
2025-12-12 16:22:51,679 - aiogram.dispatcher - WARNING - Sleep for 1.194793 seconds and try again... (tryings = 1, bot id = 8198472822)
2025-12-12 16:22:59,128 - __main__ - INFO - DEBUG: Using Drive Folder ID: 1Mx-y5jm9fuMgAE0AoWtWuCAF9YsRXn6k
2025-12-12 16:22:59,138 - googleapiclient.discovery_cache - INFO - file_cache is only supported with oauth2client<4.0.0
2025-12-12 16:22:59,140 - __main__ - INFO - Loading authorized users from Google Sheet...
2025-12-12 16:23:02,785 - sheets_manager - INFO - Loaded 5 users from Master Template.
2025-12-12 16:23:02,786 - __main__ - INFO - Loaded 5 users.
2025-12-12 16:23:03,309 - __main__ - INFO - Starting bot...
2025-12-12 16:23:03,310 - __main__ - INFO - Admins: [7042383572]
2025-12-12 16:23:03,310 - aiogram.dispatcher - INFO - Start polling
2025-12-12 16:23:03,497 - aiogram.dispatcher - INFO - Run polling for bot @check_in_o_bot id=8198472822 - 'Check In Out Bot'
2025-12-12 16:23:53,259 - __main__ - INFO - DEBUG: Using Drive Folder ID: 1Mx-y5jm9fuMgAE0AoWtWuCAF9YsRXn6k
2025-12-12 16:23:53,265 - googleapiclient.discovery_cache - INFO - file_cache is only supported with oauth2client<4.0.0
2025-12-12 16:23:53,267 - __main__ - INFO - Loading authorized users from Google Sheet...
2025-12-12 16:23:56,803 - sheets_manager - INFO - Loaded 5 users from Master Template.
2025-12-12 16:23:56,805 - __main__ - INFO - Loaded 5 users.
2025-12-12 16:23:57,255 - __main__ - INFO - Starting bot...
2025-12-12 16:23:57,255 - __main__ - INFO - Admins: [7042383572]
2025-12-12 16:23:57,256 - aiogram.dispatcher - INFO - Start polling
2025-12-12 16:23:57,496 - aiogram.dispatcher - INFO - Run polling for bot @check_in_o_bot id=8198472822 - 'Check In Out Bot'
2025-12-12 16:24:32,334 - __main__ - INFO - Received photo from Герман Коркин (@de_riio)
2025-12-12 16:24:33,756 - sheets_manager - INFO - Sheet Timesheet_December_2025 not found. Creating from template...
2025-12-12 16:24:36,896 - googleapiclient.http - WARNING - Encountered 403 Forbidden with reason "storageQuotaExceeded"
2025-12-12 16:24:36,897 - sheets_manager - WARNING - Quota limit hit on file copy. Applying Fallback: Manual Create & Copy.
2025-12-12 16:24:39,118 - sheets_manager - ERROR - Fallback creation failed: APIError: [403]: The user's Drive storage quota has been exceeded.
2025-12-12 16:24:39,118 - sheets_manager - ERROR - An error occurred with Google Drive API: <HttpError 403 when requesting https://www.googleapis.com/drive/v3/files/1sWr6GB5gprGVeUW2rGJLfwpaJWMlFzQrQWKL-dX2PVw/copy?fields=id&alt=json returned "The user's Drive storage quota has been exceeded.". Details: "[{'message': "The user's Drive storage quota has been exceeded.", 'domain': 'usageLimits', 'reason': 'storageQuotaExceeded'}]">
2025-12-12 16:24:39,118 - __main__ - ERROR - Error processing photo: <HttpError 403 when requesting https://www.googleapis.com/drive/v3/files/1sWr6GB5gprGVeUW2rGJLfwpaJWMlFzQrQWKL-dX2PVw/copy?fields=id&alt=json returned "The user's Drive storage quota has been exceeded.". Details: "[{'message': "The user's Drive storage quota has been exceeded.", 'domain': 'usageLimits', 'reason': 'storageQuotaExceeded'}]">
2025-12-12 16:24:39,351 - aiogram.event - INFO - Update id=454125729 is handled. Duration 7015 ms by bot id=8198472822
2025-12-12 16:34:58,322 - __main__ - INFO - DEBUG: Using Drive Folder ID: 1Mx-y5jm9fuMgAE0AoWtWuCAF9YsRXn6k
2025-12-12 16:34:58,323 - sheets_manager - INFO - Using Service Account for authentication.
2025-12-12 16:34:58,328 - googleapiclient.discovery_cache - INFO - file_cache is only supported with oauth2client<4.0.0
2025-12-12 16:34:58,330 - __main__ - INFO - Loading authorized users from Google Sheet...
2025-12-12 16:35:02,228 - sheets_manager - INFO - Loaded 5 users from Master Template.
2025-12-12 16:35:02,230 - __main__ - INFO - Loaded 5 users.
2025-12-12 16:35:02,681 - __main__ - INFO - Starting bot...
2025-12-12 16:35:02,681 - __main__ - INFO - Admins: [7042383572]
2025-12-12 16:35:02,681 - aiogram.dispatcher - INFO - Start polling
2025-12-12 16:35:02,834 - aiogram.dispatcher - INFO - Run polling for bot @check_in_o_bot id=8198472822 - 'Check In Out Bot'
2025-12-12 20:27:02,801 - aiogram.dispatcher - ERROR - Failed to fetch updates - TelegramNetworkError: HTTP Client says - Request timeout error
2025-12-12 20:27:02,805 - aiogram.dispatcher - WARNING - Sleep for 1.000000 seconds and try again... (tryings = 0, bot id = 8198472822)
2025-12-12 20:27:15,279 - aiogram.dispatcher - INFO - Connection established (tryings = 1, bot id = 8198472822)
2025-12-12 20:30:41,097 - __main__ - INFO - DEBUG: Using Drive Folder ID: 1Mx-y5jm9fuMgAE0AoWtWuCAF9YsRXn6k
2025-12-12 20:30:41,097 - sheets_manager - ERROR - Failed to use token.json: type object 'Credentials' has no attribute 'from_authorized_user_file'
2025-12-12 20:30:41,097 - sheets_manager - INFO - Using Service Account for authentication.
2025-12-12 20:30:41,102 - googleapiclient.discovery_cache - INFO - file_cache is only supported with oauth2client<4.0.0
2025-12-12 20:30:41,106 - __main__ - INFO - Loading authorized users from Google Sheet...
2025-12-12 20:30:44,959 - sheets_manager - INFO - Loaded 5 users from Master Template.
2025-12-12 20:30:44,959 - __main__ - INFO - Loaded 5 users.
2025-12-12 20:30:45,432 - __main__ - INFO - Starting bot...
2025-12-12 20:30:45,432 - __main__ - INFO - Admins: [7042383572]
2025-12-12 20:30:45,432 - aiogram.dispatcher - INFO - Start polling
2025-12-12 20:30:45,688 - aiogram.dispatcher - INFO - Run polling for bot @check_in_o_bot id=8198472822 - 'Check In Out Bot'
2025-12-12 20:30:45,741 - aiogram.dispatcher - ERROR - Failed to fetch updates - TelegramConflictError: Telegram server says - Conflict: terminated by other getUpdates request; make sure that only one bot instance is running
2025-12-12 20:30:45,742 - aiogram.dispatcher - WARNING - Sleep for 1.000000 seconds and try again... (tryings = 0, bot id = 8198472822)
2025-12-12 20:30:49,871 - aiogram.dispatcher - ERROR - Failed to fetch updates - TelegramConflictError: Telegram server says - Conflict: terminated by other getUpdates request; make sure that only one bot instance is running
2025-12-12 20:30:49,871 - aiogram.dispatcher - WARNING - Sleep for 1.000000 seconds and try again... (tryings = 0, bot id = 8198472822)
2025-12-12 20:30:50,962 - aiogram.dispatcher - ERROR - Failed to fetch updates - TelegramConflictError: Telegram server says - Conflict: terminated by other getUpdates request; make sure that only one bot instance is running
2025-12-12 20:30:50,962 - aiogram.dispatcher - WARNING - Sleep for 1.382917 seconds and try again... (tryings = 1, bot id = 8198472822)
2025-12-12 20:30:55,407 - aiogram.dispatcher - ERROR - Failed to fetch updates - TelegramConflictError: Telegram server says - Conflict: terminated by other getUpdates request; make sure that only one bot instance is running
2025-12-12 20:30:55,407 - aiogram.dispatcher - WARNING - Sleep for 1.379423 seconds and try again... (tryings = 1, bot id = 8198472822)
2025-12-12 20:30:56,849 - aiogram.dispatcher - ERROR - Failed to fetch updates - TelegramConflictError: Telegram server says - Conflict: terminated by other getUpdates request; make sure that only one bot instance is running
2025-12-12 20:30:56,849 - aiogram.dispatcher - WARNING - Sleep for 1.917866 seconds and try again... (tryings = 2, bot id = 8198472822)
2025-12-12 20:31:01,834 - aiogram.dispatcher - ERROR - Failed to fetch updates - TelegramConflictError: Telegram server says - Conflict: terminated by other getUpdates request; make sure that only one bot instance is running
2025-12-12 20:31:01,835 - aiogram.dispatcher - WARNING - Sleep for 1.922363 seconds and try again... (tryings = 2, bot id = 8198472822)
2025-12-12 20:31:03,828 - aiogram.dispatcher - ERROR - Failed to fetch updates - TelegramConflictError: Telegram server says - Conflict: terminated by other getUpdates request; make sure that only one bot instance is running
2025-12-12 20:31:03,828 - aiogram.dispatcher - WARNING - Sleep for 2.394776 seconds and try again... (tryings = 3, bot id = 8198472822)
2025-12-12 20:31:09,292 - aiogram.dispatcher - ERROR - Failed to fetch updates - TelegramConflictError: Telegram server says - Conflict: terminated by other getUpdates request; make sure that only one bot instance is running
2025-12-12 20:31:09,292 - aiogram.dispatcher - WARNING - Sleep for 2.250730 seconds and try again... (tryings = 3, bot id = 8198472822)
2025-12-12 20:31:09,428 - aiogram.dispatcher - INFO - Connection established (tryings = 4, bot id = 8198472822)
2025-12-12 20:31:09,433 - __main__ - INFO - Received photo from Герман Коркин (@de_riio)
2025-12-12 20:31:11,122 - sheets_manager - INFO - Sheet Timesheet_December_2025 not found. Creating from template...
2025-12-12 20:31:14,755 - googleapiclient.http - WARNING - Encountered 403 Forbidden with reason "storageQuotaExceeded"
2025-12-12 20:31:14,756 - sheets_manager - WARNING - Quota limit hit on file copy. Applying Fallback: Manual Create & Copy.
2025-12-12 20:31:16,482 - sheets_manager - ERROR - Fallback creation failed: APIError: [403]: The user's Drive storage quota has been exceeded.
2025-12-12 20:31:16,482 - sheets_manager - ERROR - An error occurred with Google Drive API: <HttpError 403 when requesting https://www.googleapis.com/drive/v3/files/1sWr6GB5gprGVeUW2rGJLfwpaJWMlFzQrQWKL-dX2PVw/copy?fields=id&alt=json returned "The user's Drive storage quota has been exceeded.". Details: "[{'message': "The user's Drive storage quota has been exceeded.", 'domain': 'usageLimits', 'reason': 'storageQuotaExceeded'}]">
2025-12-12 20:31:16,482 - __main__ - ERROR - Error processing photo: <HttpError 403 when requesting https://www.googleapis.com/drive/v3/files/1sWr6GB5gprGVeUW2rGJLfwpaJWMlFzQrQWKL-dX2PVw/copy?fields=id&alt=json returned "The user's Drive storage quota has been exceeded.". Details: "[{'message': "The user's Drive storage quota has been exceeded.", 'domain': 'usageLimits', 'reason': 'storageQuotaExceeded'}]">
2025-12-12 20:31:16,486 - aiogram.dispatcher - ERROR - Failed to fetch updates - TelegramConflictError: Telegram server says - Conflict: terminated by other getUpdates request; make sure that only one bot instance is running
2025-12-12 20:31:16,486 - aiogram.dispatcher - WARNING - Sleep for 1.000000 seconds and try again... (tryings = 0, bot id = 8198472822)
2025-12-12 20:31:16,799 - aiogram.event - INFO - Update id=454125730 is handled. Duration 7375 ms by bot id=8198472822
2025-12-12 20:31:17,548 - aiogram.dispatcher - ERROR - Failed to fetch updates - TelegramConflictError: Telegram server says - Conflict: terminated by other getUpdates request; make sure that only one bot instance is running
2025-12-12 20:31:17,549 - aiogram.dispatcher - WARNING - Sleep for 3.002581 seconds and try again... (tryings = 4, bot id = 8198472822)
2025-12-12 20:31:20,618 - aiogram.dispatcher - ERROR - Failed to fetch updates - TelegramConflictError: Telegram server says - Conflict: terminated by other getUpdates request; make sure that only one bot instance is running
2025-12-12 20:31:20,619 - aiogram.dispatcher - WARNING - Sleep for 1.380740 seconds and try again... (tryings = 1, bot id = 8198472822)
2025-12-12 20:31:25,075 - aiogram.dispatcher - ERROR - Failed to fetch updates - TelegramConflictError: Telegram server says - Conflict: terminated by other getUpdates request; make sure that only one bot instance is running
2025-12-12 20:31:25,075 - aiogram.dispatcher - WARNING - Sleep for 4.021981 seconds and try again... (tryings = 5, bot id = 8198472822)
2025-12-12 20:31:29,151 - aiogram.dispatcher - ERROR - Failed to fetch updates - TelegramConflictError: Telegram server says - Conflict: terminated by other getUpdates request; make sure that only one bot instance is running
2025-12-12 20:31:29,152 - aiogram.dispatcher - WARNING - Sleep for 1.771759 seconds and try again... (tryings = 2, bot id = 8198472822)
2025-12-12 20:31:33,989 - aiogram.dispatcher - ERROR - Failed to fetch updates - TelegramConflictError: Telegram server says - Conflict: terminated by other getUpdates request; make sure that only one bot instance is running
2025-12-12 20:31:33,989 - aiogram.dispatcher - WARNING - Sleep for 5.172062 seconds and try again... (tryings = 6, bot id = 8198472822)
2025-12-12 20:31:39,223 - aiogram.dispatcher - ERROR - Failed to fetch updates - TelegramConflictError: Telegram server says - Conflict: terminated by other getUpdates request; make sure that only one bot instance is running
2025-12-12 20:31:39,224 - aiogram.dispatcher - WARNING - Sleep for 2.484724 seconds and try again... (tryings = 3, bot id = 8198472822)
2025-12-12 20:31:44,770 - aiogram.dispatcher - ERROR - Failed to fetch updates - TelegramConflictError: Telegram server says - Conflict: terminated by other getUpdates request; make sure that only one bot instance is running
2025-12-12 20:31:44,771 - aiogram.dispatcher - WARNING - Sleep for 5.018357 seconds and try again... (tryings = 7, bot id = 8198472822)
2025-12-12 20:31:49,874 - aiogram.dispatcher - ERROR - Failed to fetch updates - TelegramConflictError: Telegram server says - Conflict: terminated by other getUpdates request; make sure that only one bot instance is running
2025-12-12 20:31:49,874 - aiogram.dispatcher - WARNING - Sleep for 3.140370 seconds and try again... (tryings = 4, bot id = 8198472822)
2025-12-12 20:31:53,075 - aiogram.dispatcher - ERROR - Failed to fetch updates - TelegramConflictError: Telegram server says - Conflict: terminated by other getUpdates request; make sure that only one bot instance is running
2025-12-12 20:31:53,076 - aiogram.dispatcher - WARNING - Sleep for 5.083918 seconds and try again... (tryings = 8, bot id = 8198472822)
2025-12-12 20:32:00,809 - __main__ - INFO - DEBUG: Using Drive Folder ID: 1Mx-y5jm9fuMgAE0AoWtWuCAF9YsRXn6k
2025-12-12 20:32:00,814 - sheets_manager - INFO - Authenticated using OAuth (token.json).
2025-12-12 20:32:00,818 - googleapiclient.discovery_cache - INFO - file_cache is only supported with oauth2client<4.0.0
2025-12-12 20:32:00,821 - __main__ - INFO - Loading authorized users from Google Sheet...
2025-12-12 20:32:03,195 - sheets_manager - INFO - Loaded 5 users from Master Template.
2025-12-12 20:32:03,195 - __main__ - INFO - Loaded 5 users.
2025-12-12 20:32:03,856 - __main__ - INFO - Starting bot...
2025-12-12 20:32:03,856 - __main__ - INFO - Admins: [7042383572]
2025-12-12 20:32:03,856 - aiogram.dispatcher - INFO - Start polling
2025-12-12 20:32:04,157 - aiogram.dispatcher - INFO - Run polling for bot @check_in_o_bot id=8198472822 - 'Check In Out Bot'
2025-12-12 20:32:15,119 - __main__ - INFO - Received photo from Герман Коркин (@de_riio)
2025-12-12 20:32:16,107 - sheets_manager - INFO - Sheet Timesheet_December_2025 not found. Creating from template...
2025-12-12 20:32:24,574 - sheets_manager - INFO - Successfully created monthly sheet: Timesheet_December_2025
2025-12-12 20:32:27,353 - sheets_manager - INFO - Loaded 5 users from Master Template.
2025-12-12 20:32:33,428 - sheets_manager - INFO - Logged entry for Герман Коркин at 20:32
2025-12-12 20:32:33,770 - aiogram.event - INFO - Update id=454125731 is handled. Duration 18655 ms by bot id=8198472822
2025-12-12 20:34:59,149 - __main__ - INFO - DEBUG: Using Drive Folder ID: 1Mx-y5jm9fuMgAE0AoWtWuCAF9YsRXn6k
2025-12-12 20:34:59,152 - sheets_manager - INFO - Authenticated using OAuth (token.json).
2025-12-12 20:34:59,156 - googleapiclient.discovery_cache - INFO - file_cache is only supported with oauth2client<4.0.0
2025-12-12 20:34:59,158 - __main__ - INFO - Loading authorized users from Google Sheet...
2025-12-12 20:35:02,019 - sheets_manager - INFO - Loaded 5 users from Master Template.
2025-12-12 20:35:02,019 - __main__ - INFO - Loaded 5 users.
2025-12-12 20:35:02,472 - __main__ - INFO - Starting bot...
2025-12-12 20:35:02,472 - __main__ - INFO - Admins: [7042383572]
2025-12-12 20:35:02,472 - aiogram.dispatcher - INFO - Start polling
2025-12-12 20:35:02,853 - aiogram.dispatcher - INFO - Run polling for bot @check_in_o_bot id=8198472822 - 'Check In Out Bot'
2025-12-12 20:36:47,651 - __main__ - INFO - Received photo from Герман Коркин (@de_riio)
2025-12-12 20:36:48,685 - sheets_manager - INFO - Found existing sheet: Timesheet_December_2025 (18TNUxIjI6diypI9MfRmk4y9Letnbhu_rg74OafTIZOM)
2025-12-12 20:36:48,685 - sheets_manager - INFO - Updating sheet headers with correct dates...
2025-12-12 20:36:51,548 - sheets_manager - INFO - Headers updated for 12/2025
2025-12-12 20:36:54,068 - sheets_manager - INFO - Logged entry for Герман Коркин at 20:36
2025-12-12 20:36:54,352 - aiogram.event - INFO - Update id=454125732 is handled. Duration 6703 ms by bot id=8198472822
2025-12-12 20:40:33,465 - __main__ - INFO - DEBUG: Using Drive Folder ID: 1Mx-y5jm9fuMgAE0AoWtWuCAF9YsRXn6k
2025-12-12 20:40:33,468 - sheets_manager - INFO - Authenticated using OAuth (token.json).
2025-12-12 20:40:33,471 - googleapiclient.discovery_cache - INFO - file_cache is only supported with oauth2client<4.0.0
2025-12-12 20:40:33,474 - __main__ - INFO - Loading authorized users from Google Sheet...
2025-12-12 20:40:36,653 - sheets_manager - INFO - Loaded 5 users from Master Template.
2025-12-12 20:40:36,653 - __main__ - INFO - Loaded 5 users.
2025-12-12 20:40:37,118 - __main__ - INFO - Starting bot...
2025-12-12 20:40:37,118 - __main__ - INFO - Admins: [7042383572]
2025-12-12 20:40:37,118 - aiogram.dispatcher - INFO - Start polling
2025-12-12 20:40:37,389 - aiogram.dispatcher - INFO - Run polling for bot @check_in_o_bot id=8198472822 - 'Check In Out Bot'
2025-12-12 20:44:09,937 - aiogram.dispatcher - ERROR - Failed to fetch updates - TelegramNetworkError: HTTP Client says - ServerDisconnectedError: Server disconnected
2025-12-12 20:44:09,939 - aiogram.dispatcher - WARNING - Sleep for 1.000000 seconds and try again... (tryings = 0, bot id = 8198472822)
2025-12-12 20:44:11,767 - aiogram.dispatcher - ERROR - Failed to fetch updates - TelegramNetworkError: HTTP Client says - ServerDisconnectedError: Server disconnected
2025-12-12 20:44:11,768 - aiogram.dispatcher - WARNING - Sleep for 1.436419 seconds and try again... (tryings = 1, bot id = 8198472822)
2025-12-12 20:44:15,163 - aiogram.dispatcher - ERROR - Failed to fetch updates - TelegramNetworkError: HTTP Client says - ServerDisconnectedError: Server disconnected
2025-12-12 20:44:15,164 - aiogram.dispatcher - WARNING - Sleep for 1.698735 seconds and try again... (tryings = 2, bot id = 8198472822)
2025-12-12 20:44:17,268 - aiogram.dispatcher - ERROR - Failed to fetch updates - TelegramNetworkError: HTTP Client says - ServerDisconnectedError: Server disconnected
2025-12-12 20:44:17,268 - aiogram.dispatcher - WARNING - Sleep for 2.374602 seconds and try again... (tryings = 3, bot id = 8198472822)
2025-12-12 20:44:20,450 - aiogram.dispatcher - ERROR - Failed to fetch updates - TelegramNetworkError: HTTP Client says - ServerDisconnectedError: Server disconnected
2025-12-12 20:44:20,450 - aiogram.dispatcher - WARNING - Sleep for 3.070768 seconds and try again... (tryings = 4, bot id = 8198472822)
2025-12-12 20:44:29,317 - aiogram.dispatcher - ERROR - Failed to fetch updates - TelegramNetworkError: HTTP Client says - ServerDisconnectedError: Server disconnected
2025-12-12 20:44:29,317 - aiogram.dispatcher - WARNING - Sleep for 4.053197 seconds and try again... (tryings = 5, bot id = 8198472822)
2025-12-12 20:44:33,809 - aiogram.dispatcher - ERROR - Failed to fetch updates - TelegramNetworkError: HTTP Client says - ServerDisconnectedError: Server disconnected
2025-12-12 20:44:33,809 - aiogram.dispatcher - WARNING - Sleep for 5.107032 seconds and try again... (tryings = 6, bot id = 8198472822)
2025-12-12 20:44:40,860 - aiogram.dispatcher - ERROR - Failed to fetch updates - TelegramNetworkError: HTTP Client says - ServerDisconnectedError: Server disconnected
2025-12-12 20:44:40,861 - aiogram.dispatcher - WARNING - Sleep for 5.035705 seconds and try again... (tryings = 7, bot id = 8198472822)
2025-12-12 20:44:56,144 - aiogram.dispatcher - INFO - Connection established (tryings = 8, bot id = 8198472822)
2025-12-12 20:44:56,169 - aiogram.dispatcher - ERROR - Failed to fetch updates - TelegramNetworkError: HTTP Client says - ServerDisconnectedError: Server disconnected
2025-12-12 20:44:56,169 - aiogram.dispatcher - WARNING - Sleep for 1.000000 seconds and try again... (tryings = 0, bot id = 8198472822)
2025-12-12 20:45:01,462 - aiogram.dispatcher - ERROR - Failed to fetch updates - TelegramNetworkError: HTTP Client says - ServerDisconnectedError: Server disconnected
2025-12-12 20:45:01,463 - aiogram.dispatcher - WARNING - Sleep for 1.188225 seconds and try again... (tryings = 1, bot id = 8198472822)
2025-12-12 20:45:12,946 - aiogram.dispatcher - INFO - Connection established (tryings = 2, bot id = 8198472822)
2025-12-12 20:45:27,705 - aiogram.dispatcher - ERROR - Failed to fetch updates - TelegramNetworkError: HTTP Client says - ServerDisconnectedError: Server disconnected
2025-12-12 20:45:27,705 - aiogram.dispatcher - WARNING - Sleep for 1.000000 seconds and try again... (tryings = 0, bot id = 8198472822)
2025-12-12 20:45:39,162 - aiogram.dispatcher - INFO - Connection established (tryings = 1, bot id = 8198472822)
2025-12-12 20:45:43,358 - aiogram.dispatcher - ERROR - Failed to fetch updates - TelegramNetworkError: HTTP Client says - ServerDisconnectedError: Server disconnected
2025-12-12 20:45:43,358 - aiogram.dispatcher - WARNING - Sleep for 1.000000 seconds and try again... (tryings = 0, bot id = 8198472822)
2025-12-12 20:45:54,822 - aiogram.dispatcher - INFO - Connection established (tryings = 1, bot id = 8198472822)
2025-12-12 21:00:36,356 - __main__ - INFO - Received photo from Герман Коркин (@de_riio)
2025-12-12 21:00:37,373 - sheets_manager - INFO - Sheet Timesheet_December_2025 not found. Creating from template...
2025-12-12 21:00:46,827 - sheets_manager - INFO - Successfully created monthly sheet: Timesheet_December_2025
2025-12-12 21:00:46,827 - sheets_manager - INFO - Updating sheet headers with correct dates...
2025-12-12 21:00:51,690 - sheets_manager - INFO - Headers updated for 12/2025 (Row 1)
2025-12-12 21:00:53,991 - sheets_manager - INFO - Loaded 5 users from Master Template.
2025-12-12 21:00:59,052 - sheets_manager - INFO - Logged entry for Герман Коркин at 21:00
2025-12-12 21:00:59,383 - aiogram.event - INFO - Update id=454125733 is handled. Duration 23015 ms by bot id=8198472822
